// Jest Snapshot v1, https://goo.gl/fbAQLP

exports[`Nav component matches snapshot DOM node structure 1`] = `
<DocumentFragment>
  <header
    class="flex-row px-1"
  >
    <h1>
      <a
        href="/"
      >
        Here and Now
      </a>
    </h1>
    <nav>
      <ul
        class="flex-row"
      >
        <li
          class="mx-1"
        >
          <a
            href="/signup"
          >
            Signup
          </a>
        </li>
        <li
          class="mx-1"
        >
          <a
            href="/login"
          >
            Login
          </a>
        </li>
      </ul>
    </nav>
  </header>
</DocumentFragment>
`;
